[2026-09-05T00:36:24.669191] [INFO] ============================================================
[2026-09-05T00:36:24.669350] [INFO]   ZONGYUAN-ROOT 自进化引擎 V3.0 - 完整进化循环
[2026-09-05T00:36:24.669419] [INFO]   溯源: Ω₀⊂⊙∞⊂Ω | DID-BR-000002
[2026-09-05T00:36:24.669465] [INFO] ============================================================
[2026-09-05T00:36:24.669504] [INFO] 
【阶段1】生成优化建议...
[2026-09-05T00:36:25.120230] [INFO]   生成 0 条建议
[2026-09-05T00:36:25.120311] [INFO] 
【阶段2】审批建议...
[2026-09-05T00:36:25.120464] [INFO]   自动审批 0 条，待人工审批 0 条
[2026-09-05T00:36:25.120510] [INFO] 
【阶段3】沙箱验证...
[2026-09-05T00:36:25.120550] [INFO]   沙箱验证 0 条通过
[2026-09-05T00:36:25.120585] [INFO] 
【阶段4】锁档归档...
[2026-09-05T00:36:25.120617] [INFO]   锁档归档 0 条
[2026-09-05T00:36:25.121431] [INFO] 
============================================================
[2026-09-05T00:36:25.121493] [INFO]   进化循环完成
[2026-09-05T00:36:25.121535] [INFO]   生成建议: 0 条
[2026-09-05T00:36:25.121570] [INFO]   自动审批: 0 条
[2026-09-05T00:36:25.121603] [INFO]   沙箱验证: 0 条
[2026-09-05T00:36:25.121635] [INFO]   锁档归档: 0 条
[2026-09-05T00:36:25.121664] [INFO] ============================================================
