[2026-09-13 04:31:56] 归档: test-capture-1789245116.png
[2026-09-13 04:31:57] 同步完成
[2026-09-13 04:32:14] 同步完成
[2026-09-13 04:32:41] 归档: auto-test-1789245146.mp4
[2026-09-13 04:32:42] 同步完成
[2026-09-13 04:33:15] 同步完成
[2026-09-13 04:34:15] 归档: daemon-test-1789245238.jpg
[2026-09-13 04:34:16] 同步完成
[2026-09-13 04:35:17] 同步完成
[2026-09-13 04:36:17] 同步完成
[2026-09-13 04:37:19] 同步完成
[2026-09-13 04:38:19] 同步完成
[2026-09-13 04:39:21] 同步完成
[2026-09-13 04:40:21] 同步完成
[2026-09-13 04:41:22] 同步完成
[2026-09-13 04:42:23] 同步完成
[2026-09-13 04:43:25] 同步完成
[2026-09-13 04:44:26] 同步完成
[2026-09-13 04:45:27] 同步完成
[2026-09-13 04:46:28] 同步完成
[2026-09-13 04:47:28] 同步完成
[2026-09-13 04:48:29] 同步完成
[2026-09-13 04:49:48] 归档: http-test-1789246188.png
[2026-09-13 04:49:48] 上传: auto-test-1789245146.mp4 → 200
[2026-09-13 04:49:48] 上传: daemon-test-1789245238.jpg → 200
[2026-09-13 04:49:49] 上传: http-test-1789246188.png → 200
[2026-09-13 04:49:49] 上传: test-capture-1789245116.png → 200
[2026-09-13 04:49:49] 同步完成
[2026-09-13 04:55:25] 归档: harden-test-1789246525.png
[2026-09-13 04:55:25] 上传成功: auto-test-1789245146.mp4
[2026-09-13 04:55:26] 上传成功: daemon-test-1789245238.jpg
[2026-09-13 04:55:26] 上传成功: harden-test-1789246525.png
[2026-09-13 04:55:26] 上传成功: http-test-1789246188.png
[2026-09-13 04:55:26] 上传成功: test-capture-1789245116.png
[2026-09-13 04:55:26] 同步完成
[2026-09-13 05:04:45] 归档: 神女临世-050445.png
[2026-09-13 05:05:01] 上传失败: auto-test-1789245146.mp4.uploaded
[2026-09-13 05:05:17] 上传失败: daemon-test-1789245238.jpg.uploaded
[2026-09-13 05:05:33] 上传失败: harden-test-1789246525.png.uploaded
[2026-09-13 05:05:49] 上传失败: http-test-1789246188.png.uploaded
[2026-09-13 05:06:05] 上传失败: test-capture-1789245116.png.uploaded
[2026-09-13 05:06:05] 上传成功: 神女临世-050445.png → images
[2026-09-13 05:06:05] 同步完成
[2026-09-13 05:11:02] 归档: 昆仑神女-最终验证-051102.png
[2026-09-13 05:11:03] 上传成功: 昆仑神女-最终验证-051102.png → images
[2026-09-13 05:11:03] 同步完成
[2026-09-13 05:13:12] 归档: 检验样本-九天玄女-051312.png
[2026-09-13 05:13:13] 上传成功: 检验样本-九天玄女-051312.png → images
[2026-09-13 05:13:13] 同步完成
