[2026-10-01 01:58:34] ==================================================
[2026-10-01 01:58:34] OP Poller V1.0 启动 | 60秒轮询 | DID-BR-000002
[2026-10-01 01:58:34] ==================================================
[2026-10-01 01:58:34] --- 第1轮 ---
[2026-10-01 01:58:34] 任务runner: 执行0项
[2026-10-01 01:58:35] 心跳更新: FAIL
[2026-10-01 01:58:37] 跨节点消息: OK
[2026-10-01 01:58:37] 空转计数: 1
[2026-10-01 01:59:37] --- 第2轮 ---
[2026-10-01 01:59:37] 任务runner: 执行0项
[2026-10-01 01:59:38] 心跳更新: FAIL
[2026-10-01 01:59:40] 跨节点消息: OK
[2026-10-01 01:59:40] 空转计数: 2
[2026-10-01 02:00:40] --- 第3轮 ---
[2026-10-01 02:00:40] 任务runner: 执行0项
[2026-10-01 02:00:41] 心跳更新: FAIL
[2026-10-01 02:00:42] 跨节点消息: OK
[2026-10-01 02:00:42] 空转计数: 3
[2026-10-01 02:01:42] --- 第4轮 ---
[2026-10-01 02:01:43] 任务runner: 执行0项
[2026-10-01 02:01:43] 心跳更新: FAIL
[2026-10-01 02:01:45] 跨节点消息: OK
[2026-10-01 02:01:45] 空转计数: 4
[2026-10-01 02:02:45] --- 第5轮 ---
[2026-10-01 02:02:45] 任务runner: 执行0项
[2026-10-01 02:02:46] 心跳更新: FAIL
[2026-10-01 02:02:48] 跨节点消息: OK
[2026-10-01 02:02:48] 真值提炼: done
[2026-10-01 02:02:48] 空转计数: 5
[2026-10-01 02:03:48] --- 第6轮 ---
[2026-10-01 02:03:48] 任务runner: 执行0项
[2026-10-01 02:03:49] 心跳更新: FAIL
[2026-10-01 02:03:50] 跨节点消息: OK
[2026-10-01 02:03:50] 空转计数: 6
[2026-10-01 02:04:50] --- 第7轮 ---
[2026-10-01 02:04:50] 任务runner: 执行0项
[2026-10-01 02:04:51] 心跳更新: FAIL
[2026-10-01 02:04:53] 跨节点消息: OK
[2026-10-01 02:04:53] 空转计数: 7
[2026-10-01 02:05:53] --- 第8轮 ---
[2026-10-01 02:05:53] 任务runner: 执行0项
[2026-10-01 02:05:54] 心跳更新: FAIL
[2026-10-01 02:05:55] 跨节点消息: OK
[2026-10-01 02:05:55] 空转计数: 8
[2026-10-01 02:06:55] --- 第9轮 ---
[2026-10-01 02:06:56] 任务runner: 执行0项
[2026-10-01 02:06:56] 心跳更新: FAIL
[2026-10-01 02:06:58] 跨节点消息: OK
[2026-10-01 02:06:58] 空转计数: 9
[2026-10-01 02:07:58] --- 第10轮 ---
[2026-10-01 02:07:58] 任务runner: 执行0项
[2026-10-01 02:08:00] 心跳更新: FAIL
[2026-10-01 02:08:01] 跨节点消息: OK
[2026-10-01 02:08:02] 真值提炼: done
[2026-10-01 02:08:02] 空转计数: 10
[2026-10-01 02:09:02] --- 第11轮 ---
[2026-10-01 02:09:02] 任务runner: 执行0项
[2026-10-01 02:09:03] 心跳更新: FAIL
[2026-10-01 02:09:03] 跨节点消息: FAIL
[2026-10-01 02:09:03] 空转计数: 11
[2026-10-01 02:10:03] --- 第12轮 ---
[2026-10-01 02:10:03] 任务runner: 执行0项
[2026-10-01 02:10:04] 心跳更新: FAIL
[2026-10-01 02:10:05] 跨节点消息: FAIL
[2026-10-01 02:10:05] 空转计数: 12
[2026-10-01 02:11:05] --- 第13轮 ---
[2026-10-01 02:11:05] 任务runner: 执行0项
[2026-10-01 02:11:06] 心跳更新: FAIL
[2026-10-01 02:11:06] 跨节点消息: FAIL
[2026-10-01 02:11:06] 空转计数: 13
[2026-10-01 02:12:06] --- 第14轮 ---
[2026-10-01 02:12:06] 任务runner: 执行0项
[2026-10-01 02:12:07] 心跳更新: FAIL
[2026-10-01 02:12:07] 跨节点消息: FAIL
[2026-10-01 02:12:07] 空转计数: 14
[2026-10-01 02:13:07] --- 第15轮 ---
[2026-10-01 02:13:07] 任务runner: 执行0项
[2026-10-01 02:13:07] 心跳更新: FAIL
[2026-10-01 02:13:08] 跨节点消息: FAIL
[2026-10-01 02:13:08] 真值提炼: done
[2026-10-01 02:13:08] 空转计数: 15
[2026-10-01 02:14:08] --- 第16轮 ---
[2026-10-01 02:14:08] 任务runner: 执行0项
[2026-10-01 02:14:08] 心跳更新: FAIL
[2026-10-01 02:14:08] 跨节点消息: FAIL
[2026-10-01 02:14:08] 空转计数: 16
[2026-10-01 02:15:08] --- 第17轮 ---
[2026-10-01 02:15:08] 任务runner: 执行0项
[2026-10-01 02:15:09] 心跳更新: FAIL
[2026-10-01 02:15:09] 跨节点消息: FAIL
[2026-10-01 02:15:09] 空转计数: 17
[2026-10-01 02:16:09] --- 第18轮 ---
[2026-10-01 02:16:09] 任务runner: 执行0项
[2026-10-01 02:16:09] 心跳更新: FAIL
[2026-10-01 02:16:10] 跨节点消息: FAIL
[2026-10-01 02:16:10] 空转计数: 18
[2026-10-01 02:17:10] --- 第19轮 ---
[2026-10-01 02:17:10] 任务runner: 执行0项
[2026-10-01 02:17:10] 心跳更新: FAIL
[2026-10-01 02:17:10] 跨节点消息: FAIL
[2026-10-01 02:17:10] 空转计数: 19
[2026-10-01 02:18:10] --- 第20轮 ---
[2026-10-01 02:18:10] 任务runner: 执行0项
[2026-10-01 02:18:11] 心跳更新: FAIL
[2026-10-01 02:18:11] 跨节点消息: FAIL
[2026-10-01 02:18:11] 真值提炼: done
[2026-10-01 02:18:11] 空转计数: 20
[2026-10-01 02:19:11] --- 第21轮 ---
[2026-10-01 02:19:11] 任务runner: 执行0项
[2026-10-01 02:19:12] 心跳更新: FAIL
[2026-10-01 02:19:12] 跨节点消息: FAIL
[2026-10-01 02:19:12] 空转计数: 21
[2026-10-01 02:20:12] --- 第22轮 ---
[2026-10-01 02:20:12] 任务runner: 执行0项
[2026-10-01 02:20:12] 心跳更新: FAIL
[2026-10-01 02:20:12] 跨节点消息: FAIL
[2026-10-01 02:20:12] 空转计数: 22
