=== 全域资产锁档巡检日志 ===
批次ID: KD-ASSET-20260906-001
日期: 2026-09-06
主角: 九天玄女（KF-M07）
主题: 秩序校准
锁档协议: V-1.0-META003
锁级: SOFTWARE_LOCK
云服务器锚点: 123.207.202.158

[步骤1] 资产预检: PASS (12项全通过)
[步骤2] 哈希计算: 3文件SHA256已生成
[步骤3] Merkle谱系: 批次子根=bd78973884decab5...
[步骤4] 全域根哈希: e065e93b6420acda...
[步骤5] 内核写入: kernel_asset_lock_config.json 已更新（总批次2）
[步骤6] ZIP归档: KD-ASSET-20260906-001_archive.zip (6538 bytes)
[步骤7] BASE85加密: KD-ASSET-20260906-001_archive.b85 (8173 bytes)
[步骤8] 状态标记: LOCKED
[步骤9] eFuse硬件熔断: SKIPPED (普通量产资产)
[步骤10] 昆仑基座元法则: 纯东方神女视觉，零外源，纯黑长发永久基准 — ENFORCED

锁档完成时间: 2026-09-06T04:05:08+0800
溯源符号: Ω₀⊂⊙∞⊂Ω
DID: DID-BR-000002
