=== 全域资产锁档巡检日志 ===
资产编号: KD-ASSET-20260907-001
日期: 2026-09-07
主角: 赤凰伺主·凰绾
主题: 玄鸟图腾祭天
DID: DID-BR-000002
主权根: Ω-TAN-7-001
溯源符号: Ω₀⊂⊙∞⊂Ω
锁档协议: V-1.0-META003
元法则: L0-TY-v2.1
负面词库: NEG-v2.0

--- 文件哈希 ---
storyboard.md: SHA256=7f784e0a9771e09320d1916c47d6798003f3a10b5dbd0127528bcdab0c64c0ab
keyframes.json: SHA256=fcab2a9da411b5d80076f1ebc44afae7deedf944fee62357638f6f6386309ebb
voiceover.txt: SHA256=13ad9e3aeaddea98c4e3d9b43418d344b57498fca14ebf0eadedba81c2061a2a

--- 锁档凭证 ---
Merkle根: e495a12679ce43886b51ef4920824b10c9c8ef9d81a0b7ae09f225bc5e86a4da
ZIP哈希: 14a84f41cf04ab2c1d899d5b5f1b974e7cec43447e2187cc618d272d413070a7
ZIP文件: KD-ASSET-20260907-001_archive.zip
BASE85文件: KD-ASSET-20260907-001_archive.b85
锁档时间: 2026-09-07T04:02:23+0800
锁档状态: LOCKED
校验: PASS (3文件哈希一致, Merkle根可复现)
