========================================
[三态握手] 2026-09-22 09:48:42
  类型: image
  剧集: EP01-初登场
  URL: https://aka.doubaocdn.com/s/cwIQdxW8CS
[Step1] 下载image资源...
  文件大小: 1.4M
[Step2] 计算SHA256...
  SHA256: 72cf8a0cb459cc0913dea30a221ddd8d903f2b474a2f4672906fc62236707f55
[Step3] 写入元数据...
[Step4] 写入HASH-LEDGER...
[Step5] 归档完成
  本地路径: /home/user/.doubao/agent_mode/workspace/.user_skills/kunlun-autonomous-system/ZONGYUAN-ROOT/assets/images/jiutian_xuannu/EP01-初登场/01_云阶登场.png
  大小: 1.4M
  哈希: 72cf8a0cb459cc0913dea30a221ddd8d903f2b474a2f4672906fc62236707f55
========================================

========================================
[三态握手] 2026-09-22 09:48:59
  类型: image
  剧集: EP01-初登场
  URL: https://aka.doubaocdn.com/s/9SUnsG5rcc
[Step1] 下载image资源...
  文件大小: 1.7M
[Step2] 计算SHA256...
  SHA256: ee6db55909b2e850d3aec2cae55c64857b92177451166f591cb9645bf9573a3d
[Step3] 写入元数据...
[Step4] 写入HASH-LEDGER...
[Step5] 归档完成
  本地路径: /home/user/.doubao/agent_mode/workspace/.user_skills/kunlun-autonomous-system/ZONGYUAN-ROOT/assets/images/jiutian_xuannu/EP01-初登场/02_持剑特写.png
  大小: 1.7M
  哈希: ee6db55909b2e850d3aec2cae55c64857b92177451166f591cb9645bf9573a3d
========================================

========================================
[三态握手] 2026-09-22 09:49:00
  类型: image
  剧集: EP01-初登场
  URL: https://aka.doubaocdn.com/s/F6L8VOOJYb
[Step1] 下载image资源...
  文件大小: 1.8M
[Step2] 计算SHA256...
  SHA256: 4ac0e087d5ae7ec2a6a841a3105dabe11df6d50c7a97bf91e186aff8c587286d
[Step3] 写入元数据...
[Step4] 写入HASH-LEDGER...
[Step5] 归档完成
  本地路径: /home/user/.doubao/agent_mode/workspace/.user_skills/kunlun-autonomous-system/ZONGYUAN-ROOT/assets/images/jiutian_xuannu/EP01-初登场/03_金色符文施法.png
  大小: 1.8M
  哈希: 4ac0e087d5ae7ec2a6a841a3105dabe11df6d50c7a97bf91e186aff8c587286d
========================================

========================================
[三态握手] 2026-09-22 09:49:00
  类型: image
  剧集: EP01-初登场
  URL: https://aka.doubaocdn.com/s/JGv8VeaDsF
[Step1] 下载image资源...
  文件大小: 1.6M
[Step2] 计算SHA256...
  SHA256: 5c389f7052e4b908c09a04468da7aa9b4c5fe3826a9f914af55760606d249cc5
[Step3] 写入元数据...
[Step4] 写入HASH-LEDGER...
[Step5] 归档完成
  本地路径: /home/user/.doubao/agent_mode/workspace/.user_skills/kunlun-autonomous-system/ZONGYUAN-ROOT/assets/images/jiutian_xuannu/EP01-初登场/04_神殿端坐.png
  大小: 1.6M
  哈希: 5c389f7052e4b908c09a04468da7aa9b4c5fe3826a9f914af55760606d249cc5
========================================

========================================
[三态握手] 2026-09-22 09:49:01
  类型: image
  剧集: EP02-出殿召辇
  URL: https://aka.doubaocdn.com/s/8d33UmedIR
[Step1] 下载image资源...
  文件大小: 1.4M
[Step2] 计算SHA256...
  SHA256: 514fa6e54bea24d1adb22d571e9e4bda37dc086449064871eff9f4eb70b4dcd7
[Step3] 写入元数据...
[Step4] 写入HASH-LEDGER...
[Step5] 归档完成
  本地路径: /home/user/.doubao/agent_mode/workspace/.user_skills/kunlun-autonomous-system/ZONGYUAN-ROOT/assets/images/jiutian_xuannu/EP02-出殿召辇/01_神殿感知异动.png
  大小: 1.4M
  哈希: 514fa6e54bea24d1adb22d571e9e4bda37dc086449064871eff9f4eb70b4dcd7
========================================

========================================
[三态握手] 2026-09-22 09:49:02
  类型: image
  剧集: EP02-出殿召辇
  URL: https://aka.doubaocdn.com/s/WRFprxyA7g
[Step1] 下载image资源...
  文件大小: 1.3M
[Step2] 计算SHA256...
  SHA256: 859210ceecdd8468a2a3e1a42810683dcadc88490605166452234ed658d641a3
[Step3] 写入元数据...
[Step4] 写入HASH-LEDGER...
[Step5] 归档完成
  本地路径: /home/user/.doubao/agent_mode/workspace/.user_skills/kunlun-autonomous-system/ZONGYUAN-ROOT/assets/images/jiutian_xuannu/EP02-出殿召辇/02_起身出殿.png
  大小: 1.3M
  哈希: 859210ceecdd8468a2a3e1a42810683dcadc88490605166452234ed658d641a3
========================================

========================================
[三态握手] 2026-09-22 09:49:02
  类型: image
  剧集: EP02-出殿召辇
  URL: https://aka.doubaocdn.com/s/VZ3T99J1Q8
[Step1] 下载image资源...
  文件大小: 1.7M
[Step2] 计算SHA256...
  SHA256: d34b8cbc7100787af3395073ad003f11202bc12e1988605b8a8c6421d5cca7cf
[Step3] 写入元数据...
[Step4] 写入HASH-LEDGER...
[Step5] 归档完成
  本地路径: /home/user/.doubao/agent_mode/workspace/.user_skills/kunlun-autonomous-system/ZONGYUAN-ROOT/assets/images/jiutian_xuannu/EP02-出殿召辇/03_催动天书云辇.png
  大小: 1.7M
  哈希: d34b8cbc7100787af3395073ad003f11202bc12e1988605b8a8c6421d5cca7cf
========================================

========================================
[三态握手] 2026-09-22 09:49:03
  类型: image
  剧集: EP02-出殿召辇
  URL: https://aka.doubaocdn.com/s/52DVaxV6Jz
[Step1] 下载image资源...
  文件大小: 1.5M
[Step2] 计算SHA256...
  SHA256: 04e3d17e5dbc972ac288257bf4621d1070d31137faac3fe93496549ef041b215
[Step3] 写入元数据...
[Step4] 写入HASH-LEDGER...
[Step5] 归档完成
  本地路径: /home/user/.doubao/agent_mode/workspace/.user_skills/kunlun-autonomous-system/ZONGYUAN-ROOT/assets/images/jiutian_xuannu/EP02-出殿召辇/04_奔赴洞天边界.png
  大小: 1.5M
  哈希: 04e3d17e5dbc972ac288257bf4621d1070d31137faac3fe93496549ef041b215
========================================

========================================
[三态握手] 2026-09-22 09:49:03
  类型: image
  剧集: EP02-出殿召辇
  URL: https://aka.doubaocdn.com/s/SgWyzRHURG
[Step1] 下载image资源...
  文件大小: 1.3M
[Step2] 计算SHA256...
  SHA256: 2e5fb3457d89e2470b88a9c4563d2f4216130a898f493f2316dd261b927bef70
[Step3] 写入元数据...
[Step4] 写入HASH-LEDGER...
[Step5] 归档完成
  本地路径: /home/user/.doubao/agent_mode/workspace/.user_skills/kunlun-autonomous-system/ZONGYUAN-ROOT/assets/images/jiutian_xuannu/EP02-出殿召辇/05_边界蓄力悬念.png
  大小: 1.3M
  哈希: 2e5fb3457d89e2470b88a9c4563d2f4216130a898f493f2316dd261b927bef70
========================================

========================================
[三态握手] 2026-09-22 09:49:19
  类型: image
  剧集: EP03-混沌裂隙
  URL: https://aka.doubaocdn.com/s/ajZgV2VtsG
[Step1] 下载image资源...
  文件大小: 1.5M
[Step2] 计算SHA256...
  SHA256: 727c6ad6c005f1b353cc416e143bb67298e79a3cd57ae4db5d4ff1b3234ae76f
[Step3] 写入元数据...
[Step4] 写入HASH-LEDGER...
[Step5] 归档完成
  本地路径: /home/user/.doubao/agent_mode/workspace/.user_skills/kunlun-autonomous-system/ZONGYUAN-ROOT/assets/images/jiutian_xuannu/EP03-混沌裂隙/01_边界裂隙异象.png
  大小: 1.5M
  哈希: 727c6ad6c005f1b353cc416e143bb67298e79a3cd57ae4db5d4ff1b3234ae76f
========================================

========================================
[三态握手] 2026-09-22 09:49:20
  类型: image
  剧集: EP03-混沌裂隙
  URL: https://aka.doubaocdn.com/s/JCUg2JRAVB
[Step1] 下载image资源...
  文件大小: 1.7M
[Step2] 计算SHA256...
  SHA256: a0ae78213386d01f6dc0b99b12733ad36d2e4f12ea1779907d16d9c242b7ccde
[Step3] 写入元数据...
[Step4] 写入HASH-LEDGER...
[Step5] 归档完成
  本地路径: /home/user/.doubao/agent_mode/workspace/.user_skills/kunlun-autonomous-system/ZONGYUAN-ROOT/assets/images/jiutian_xuannu/EP03-混沌裂隙/02_天书释放神纹.png
  大小: 1.7M
  哈希: a0ae78213386d01f6dc0b99b12733ad36d2e4f12ea1779907d16d9c242b7ccde
========================================

========================================
[三态握手] 2026-09-22 09:49:20
  类型: image
  剧集: EP03-混沌裂隙
  URL: https://aka.doubaocdn.com/s/83Vmq7PtWY
[Step1] 下载image资源...
  文件大小: 1.5M
[Step2] 计算SHA256...
  SHA256: 9d1cc46c08d07bf5b5589341dc14997ea3009562da4065255a46de91c1850e5f
[Step3] 写入元数据...
[Step4] 写入HASH-LEDGER...
[Step5] 归档完成
  本地路径: /home/user/.doubao/agent_mode/workspace/.user_skills/kunlun-autonomous-system/ZONGYUAN-ROOT/assets/images/jiutian_xuannu/EP03-混沌裂隙/03_金灰力量对冲.png
  大小: 1.5M
  哈希: 9d1cc46c08d07bf5b5589341dc14997ea3009562da4065255a46de91c1850e5f
========================================

========================================
[三态握手] 2026-09-22 09:49:21
  类型: image
  剧集: EP03-混沌裂隙
  URL: https://aka.doubaocdn.com/s/4RyVLJ4GdN
[Step1] 下载image资源...
  文件大小: 2.0M
[Step2] 计算SHA256...
  SHA256: ff5985f3544ceddc3a527846bc459f585e285fa06a83577246dee2ea51e8d1ab
[Step3] 写入元数据...
[Step4] 写入HASH-LEDGER...
[Step5] 归档完成
  本地路径: /home/user/.doubao/agent_mode/workspace/.user_skills/kunlun-autonomous-system/ZONGYUAN-ROOT/assets/images/jiutian_xuannu/EP03-混沌裂隙/04_光网封堵裂隙.png
  大小: 2.0M
  哈希: ff5985f3544ceddc3a527846bc459f585e285fa06a83577246dee2ea51e8d1ab
========================================

========================================
[三态握手] 2026-09-22 09:49:22
  类型: image
  剧集: EP03-混沌裂隙
  URL: https://aka.doubaocdn.com/s/jB7QV2GOLV
[Step1] 下载image资源...
  文件大小: 1.4M
[Step2] 计算SHA256...
  SHA256: cd495d34257993164847f19ce55b55f32e54380a7c6090f85c72c400548f6267
[Step3] 写入元数据...
[Step4] 写入HASH-LEDGER...
[Step5] 归档完成
  本地路径: /home/user/.doubao/agent_mode/workspace/.user_skills/kunlun-autonomous-system/ZONGYUAN-ROOT/assets/images/jiutian_xuannu/EP03-混沌裂隙/05_结界修复神力耗损.png
  大小: 1.4M
  哈希: cd495d34257993164847f19ce55b55f32e54380a7c6090f85c72c400548f6267
========================================

========================================
[三态握手] 2026-09-22 09:49:23
  类型: image
  剧集: EP03-混沌裂隙
  URL: https://aka.doubaocdn.com/s/pAFb2nAnn8
[Step1] 下载image资源...
  文件大小: 1.4M
[Step2] 计算SHA256...
  SHA256: 61abcd27655d75cd328930c2897fd5d17d1c1b77ab815cf8ff3449586dbae9a4
[Step3] 写入元数据...
[Step4] 写入HASH-LEDGER...
[Step5] 归档完成
  本地路径: /home/user/.doubao/agent_mode/workspace/.user_skills/kunlun-autonomous-system/ZONGYUAN-ROOT/assets/images/jiutian_xuannu/EP03-混沌裂隙/06_回望昆仑悬念收束.png
  大小: 1.4M
  哈希: 61abcd27655d75cd328930c2897fd5d17d1c1b77ab815cf8ff3449586dbae9a4
========================================

========================================
[三态握手] 2026-09-22 09:49:24
  类型: image
  剧集: EP04-混沌溯源
  URL: https://aka.doubaocdn.com/s/oP6gVz8QMW
[Step1] 下载image资源...
  文件大小: 1.5M
[Step2] 计算SHA256...
  SHA256: 652820f8f9a1341c8553d08cad7972f3a422e6122ab9f79434115f0670ab1732
[Step3] 写入元数据...
[Step4] 写入HASH-LEDGER...
[Step5] 归档完成
  本地路径: /home/user/.doubao/agent_mode/workspace/.user_skills/kunlun-autonomous-system/ZONGYUAN-ROOT/assets/images/jiutian_xuannu/EP04-混沌溯源/01_结界残留隐患.png
  大小: 1.5M
  哈希: 652820f8f9a1341c8553d08cad7972f3a422e6122ab9f79434115f0670ab1732
========================================

========================================
[三态握手] 2026-09-22 09:49:24
  类型: image
  剧集: EP04-混沌溯源
  URL: https://aka.doubaocdn.com/s/JJ4zmX2vlM
[Step1] 下载image资源...
  文件大小: 1.5M
[Step2] 计算SHA256...
  SHA256: f8299502fce6ad5fddafd88ae2c61369923b3781b52103e2fde8fc238144e89d
[Step3] 写入元数据...
[Step4] 写入HASH-LEDGER...
[Step5] 归档完成
  本地路径: /home/user/.doubao/agent_mode/workspace/.user_skills/kunlun-autonomous-system/ZONGYUAN-ROOT/assets/images/jiutian_xuannu/EP04-混沌溯源/02_天书回溯时空.png
  大小: 1.5M
  哈希: f8299502fce6ad5fddafd88ae2c61369923b3781b52103e2fde8fc238144e89d
========================================

========================================
[三态握手] 2026-09-22 09:49:25
  类型: image
  剧集: EP04-混沌溯源
  URL: https://aka.doubaocdn.com/s/h6shdXJsFN
[Step1] 下载image资源...
  文件大小: 1.5M
[Step2] 计算SHA256...
  SHA256: 49cd7dbe21cd99022331dbb48fb4897f48cd190283615d992b9360c768c435db
[Step3] 写入元数据...
[Step4] 写入HASH-LEDGER...
[Step5] 归档完成
  本地路径: /home/user/.doubao/agent_mode/workspace/.user_skills/kunlun-autonomous-system/ZONGYUAN-ROOT/assets/images/jiutian_xuannu/EP04-混沌溯源/03_窥见上古遗迹幻象.png
  大小: 1.5M
  哈希: 49cd7dbe21cd99022331dbb48fb4897f48cd190283615d992b9360c768c435db
========================================

========================================
[三态握手] 2026-09-22 09:49:26
  类型: image
  剧集: EP04-混沌溯源
  URL: https://aka.doubaocdn.com/s/DISBn1U7CN
[Step1] 下载image资源...
  文件大小: 1.5M
[Step2] 计算SHA256...
  SHA256: 634f6203082d3daad5b2c6e9c03be57a86aafb6a86103897c7165df9df1da36f
[Step3] 写入元数据...
[Step4] 写入HASH-LEDGER...
[Step5] 归档完成
  本地路径: /home/user/.doubao/agent_mode/workspace/.user_skills/kunlun-autonomous-system/ZONGYUAN-ROOT/assets/images/jiutian_xuannu/EP04-混沌溯源/04_调转云辇奔赴腹地.png
  大小: 1.5M
  哈希: 634f6203082d3daad5b2c6e9c03be57a86aafb6a86103897c7165df9df1da36f
========================================

========================================
[三态握手] 2026-09-22 09:49:26
  类型: image
  剧集: EP04-混沌溯源
  URL: https://aka.doubaocdn.com/s/waSfHOeaiU
[Step1] 下载image资源...
  文件大小: 1.5M
[Step2] 计算SHA256...
  SHA256: fe67daa08fee1f25e3a727ee49801d9cf045c7a8c2aec2121e4e07a81a001703
[Step3] 写入元数据...
[Step4] 写入HASH-LEDGER...
[Step5] 归档完成
  本地路径: /home/user/.doubao/agent_mode/workspace/.user_skills/kunlun-autonomous-system/ZONGYUAN-ROOT/assets/images/jiutian_xuannu/EP04-混沌溯源/05_穿行符文山谷.png
  大小: 1.5M
  哈希: fe67daa08fee1f25e3a727ee49801d9cf045c7a8c2aec2121e4e07a81a001703
========================================

========================================
[三态握手] 2026-09-22 09:49:27
  类型: image
  剧集: EP04-混沌溯源
  URL: https://aka.doubaocdn.com/s/5ap4SQcW3d
[Step1] 下载image资源...
  文件大小: 1.3M
[Step2] 计算SHA256...
  SHA256: 6f3dd6f7b31294652ca39a9f4c3cb8df4af01ec4ca5e199c7fbde00f8253f824
[Step3] 写入元数据...
[Step4] 写入HASH-LEDGER...
[Step5] 归档完成
  本地路径: /home/user/.doubao/agent_mode/workspace/.user_skills/kunlun-autonomous-system/ZONGYUAN-ROOT/assets/images/jiutian_xuannu/EP04-混沌溯源/06_望见遗迹轮廓.png
  大小: 1.3M
  哈希: 6f3dd6f7b31294652ca39a9f4c3cb8df4af01ec4ca5e199c7fbde00f8253f824
========================================

